Statement for BigCo
  Hamlet: $650.00 (55 seats)
  As You Like It: $580.00 (35 seats)
  Othello: $400.00 (25 seats)
Amount owed is $1,615.00
You earned 37 credits
