<!DOCTYPE html>
<html>
  <style>
    table,th,td {
      border: 1px solid black;
    }
  </style>
  <body>
    <h1>Invoice</h1>
    <ul>
      <li><strong>Client : </strong>BigCo</li>
    </ul>
    <table>
      <tr>
        <th>Piece</th>
        <th>Seats sold</th>
        <th>Price</th>
      </tr>
      <tr>
        <td>Hamlet</td>
        <td>55</td>
        <td>$650.00</td>
      </tr>
      <tr>
        <td>As You Like It</td>
        <td>35</td>
        <td>$580.00</td>
      </tr>
      <tr>
        <td>Othello</td>
        <td>40</td>
        <td>$500.00</td>
      </tr>
      <tr>
        <th></th>
        <th>Total owned:</th>
        <td>$1,715.00</td>
      </tr>
      <tr>
        <th></th>
        <th>Fidelity point earned:</th>
        <td>47</td>
      </tr>
    </table>
    <p>
      <i>Payment is required under 30 days. We can break your knees if you don't do so</i>
    </p>
  </body>
</html>
