Statement for BigCo
  Hamlet: $650.00 (55 seats)
  As You Like It: $345.00 (15 seats)
  Othello: $500.00 (40 seats)
Amount owed is $1,480.00
You earned 38 credits